
> jobmate@2.0.0 build
> next build

   Γû▓ Next.js 15.5.9
   - Environments: .env.local, .env
   - Experiments (use with caution):
     ┬╖ serverActions
     ┬╖ optimizePackageImports

   Creating an optimized production build ...
 Γ£ô (pwa) Compiling for server...
 Γ£ô (pwa) Compiling for server...
 Γ£ô (pwa) Compiling for client (static)...
 Γùï (pwa) Service worker: C:\Users\user\Music\JOBMATE\public\sw.js
 Γùï (pwa)   URL: /sw.js
 Γùï (pwa)   Scope: /
 Γùï (pwa) This app will fallback to these precached routes when fetching from the cache and the network fails:
 Γùï (pwa)   Documents (pages): /offline
 Γùï (pwa) Custom runtimeCaching array found, using it instead of the default one.
 Γ£ô Compiled successfully in 25.3s
   Linting and checking validity of types ...
node.exe : Failed 
to compile.
At line:1 char:1
+ & "C:\Program Fil
es\nodejs/node.exe"
 "C:\Program Files\
nodejs/node_mo ...
+ ~~~~~~~~~~~~~~~~~
~~~~~~~~~~~~~~~~~~~
~~~~~~~~~~~~~~~~~~~
~~~~~~~~~~~~~~
    + CategoryInfo 
             : No  
  tSpecified: (F   
 ailed to compi    
le.:String) []    
, RemoteExcept    
ion
    + FullyQualifi 
   edErrorId : Na  
  tiveCommandErr   
 or
 

./app/test-payment/
pay/page.tsx:389:19
Type error: Type 
'"soft"' is not 
assignable to type 
'"default" | 
"link" | 
"secondary" | 
"destructive" | 
"outline" | 
"ghost" | null | 
undefined'.

[0m [90m 387 
|[39m             
    [33m<[39m[33
mButton[39m
 [90m 388 |[39m  
                 on
Click[33m=[39m{ha
ndleSimulatePayment
}
[31m[1m>[22m[39
m[90m 389 |[39m  
                 va
riant[33m=[39m[3
2m"soft"[39m
 [90m     |[39m  
                 [
31m[1m^[22m[39m
 [90m 390 |[39m  
                 di
sabled[33m=[39m{s
imulating 
[33m||[39m 
isExpired}
 [90m 391 |[39m  
                 cl
assName[33m=[39m
[32m"bg-amber-100 
text-amber-800 
hover:bg-amber-200 
rounded-full h-10 
px-6 font-medium 
border-0"[39m
 [90m 392 |[39m  
               
[33m>[39m[0m
Next.js build 
worker exited with 
code: 1 and 
signal: null
